{"jobId":"69e663b569438f3c01eb0ad9","level":"info","message":"Student job application initiated","service":"placement_portal","studentId":"69e663b569438f3c01eb0ad8","timestamp":"2026-04-20 23:04:45"}
{"applicationId":"69e663b569438f3c01eb0adb","jobId":"69e663b569438f3c01eb0ad9","level":"info","message":"Application saved successfully","service":"placement_portal","studentId":"69e663b569438f3c01eb0ad8","timestamp":"2026-04-20 23:04:45"}
{"jobId":"69e663b569438f3c01eb0ad9","level":"info","message":"Resume drive webhook triggered","result":{"driveLink":"","reason":"missing_webhook_url","uploaded":false},"service":"placement_portal","studentId":"69e663b569438f3c01eb0ad8","timestamp":"2026-04-20 23:04:45"}
{"jobId":"69e663b569438f3c01eb0ad9","level":"info","message":"Application sheet webhook triggered","result":{"reason":"missing_webhook_url","sent":false},"service":"placement_portal","studentId":"69e663b569438f3c01eb0ad8","timestamp":"2026-04-20 23:04:45"}
{"applicationId":"69e663b569438f3c01eb0adb","jobId":"69e663b569438f3c01eb0ad9","level":"info","message":"Job application completed successfully","service":"placement_portal","studentId":"69e663b569438f3c01eb0ad8","timestamp":"2026-04-20 23:04:45"}
{"jobId":"69e663b569438f3c01eb0add","level":"info","message":"Student job application initiated","service":"placement_portal","studentId":"69e663b569438f3c01eb0adc","timestamp":"2026-04-20 23:04:45"}
{"applicationId":"69e663b569438f3c01eb0adf","jobId":"69e663b569438f3c01eb0add","level":"info","message":"Application saved successfully","service":"placement_portal","studentId":"69e663b569438f3c01eb0adc","timestamp":"2026-04-20 23:04:45"}
{"jobId":"69e663b569438f3c01eb0add","level":"info","message":"Resume drive webhook triggered","result":{"driveLink":"","reason":"missing_webhook_url","uploaded":false},"service":"placement_portal","studentId":"69e663b569438f3c01eb0adc","timestamp":"2026-04-20 23:04:45"}
{"error":"Webhook failed (502): Bad gateway from n8n","jobId":"69e663b569438f3c01eb0add","level":"error","message":"Application sheet webhook failed","service":"placement_portal","stack":"Error: Webhook failed (502): Bad gateway from n8n\n    at triggerApplicationSheetWebhook (C:\\Users\\saira\\Mail_Automation\\server\\controllers\\studentController.js:161:11)\n    at async exports.applyForJob (C:\\Users\\saira\\Mail_Automation\\server\\controllers\\studentController.js:805:19)\n    at async TestContext.<anonymous> (C:\\Users\\saira\\Mail_Automation\\tests\\studentController.applyForJob.test.js:121:3)\n    at async Test.run (node:internal/test_runner/test:980:9)\n    at async Test.processPendingSubtests (node:internal/test_runner/test:677:7)","studentId":"69e663b569438f3c01eb0adc","timestamp":"2026-04-20 23:04:45"}
{"applicationId":"69e663b569438f3c01eb0adf","jobId":"69e663b569438f3c01eb0add","level":"info","message":"Job application completed successfully","service":"placement_portal","studentId":"69e663b569438f3c01eb0adc","timestamp":"2026-04-20 23:04:45"}
{"jobId":"69e663b569438f3c01eb0ae1","level":"info","message":"Student job application initiated","service":"placement_portal","studentId":"69e663b569438f3c01eb0ae0","timestamp":"2026-04-20 23:04:45"}
{"applicationId":"69e663b569438f3c01eb0ae3","jobId":"69e663b569438f3c01eb0ae1","level":"info","message":"Application saved successfully","service":"placement_portal","studentId":"69e663b569438f3c01eb0ae0","timestamp":"2026-04-20 23:04:45"}
{"jobId":"69e663b569438f3c01eb0ae1","level":"info","message":"Resume drive webhook triggered","result":{"driveLink":"","reason":"missing_webhook_url","uploaded":false},"service":"placement_portal","studentId":"69e663b569438f3c01eb0ae0","timestamp":"2026-04-20 23:04:45"}
{"jobId":"69e663b569438f3c01eb0ae1","level":"info","message":"Application sheet webhook triggered","result":{"sent":true},"service":"placement_portal","studentId":"69e663b569438f3c01eb0ae0","timestamp":"2026-04-20 23:04:45"}
{"applicationId":"69e663b569438f3c01eb0ae3","jobId":"69e663b569438f3c01eb0ae1","level":"info","message":"Job application completed successfully","service":"placement_portal","studentId":"69e663b569438f3c01eb0ae0","timestamp":"2026-04-20 23:04:45"}
{"jobId":"69e663b569438f3c01eb0ae5","level":"info","message":"Student job application initiated","service":"placement_portal","studentId":"69e663b569438f3c01eb0ae4","timestamp":"2026-04-20 23:04:45"}
{"error":"Mongo read failure on student_profiles","jobId":"69e663b569438f3c01eb0ae5","level":"error","message":"Apply job error","service":"placement_portal","stack":"Error: Mongo read failure on student_profiles\n    at StudentProfile.findOne (C:\\Users\\saira\\Mail_Automation\\tests\\studentController.applyForJob.test.js:189:11)\n    at exports.applyForJob (C:\\Users\\saira\\Mail_Automation\\server\\controllers\\studentController.js:655:49)\n    at TestContext.<anonymous> (C:\\Users\\saira\\Mail_Automation\\tests\\studentController.applyForJob.test.js:202:27)\n    at Test.runInAsyncScope (node:async_hooks:211:14)\n    at Test.run (node:internal/test_runner/test:979:25)\n    at Test.processPendingSubtests (node:internal/test_runner/test:677:18)\n    at Test.postRun (node:internal/test_runner/test:1090:19)\n    at Test.run (node:internal/test_runner/test:1018:12)\n    at async Test.processPendingSubtests (node:internal/test_runner/test:677:7)","studentId":"69e663b569438f3c01eb0ae4","timestamp":"2026-04-20 23:04:45"}
{"jobId":"69e663b569438f3c01eb0ae7","level":"info","message":"Student job application initiated","service":"placement_portal","studentId":"69e663b569438f3c01eb0ae6","timestamp":"2026-04-20 23:04:45"}
{"applicationId":"69e663b569438f3c01eb0ae9","jobId":"69e663b569438f3c01eb0ae7","level":"info","message":"Application saved successfully","service":"placement_portal","studentId":"69e663b569438f3c01eb0ae6","timestamp":"2026-04-20 23:04:45"}
{"jobId":"69e663b569438f3c01eb0ae7","level":"info","message":"Resume drive webhook triggered","result":{"driveLink":"","reason":"missing_webhook_url","uploaded":false},"service":"placement_portal","studentId":"69e663b569438f3c01eb0ae6","timestamp":"2026-04-20 23:04:45"}
{"jobId":"69e663b569438f3c01eb0ae7","level":"info","message":"Application sheet webhook triggered","result":{"reason":"missing_webhook_url","sent":false},"service":"placement_portal","studentId":"69e663b569438f3c01eb0ae6","timestamp":"2026-04-20 23:04:45"}
{"applicationId":"69e663b569438f3c01eb0ae9","jobId":"69e663b569438f3c01eb0ae7","level":"info","message":"Job application completed successfully","service":"placement_portal","studentId":"69e663b569438f3c01eb0ae6","timestamp":"2026-04-20 23:04:45"}
{"jobId":"69e663b569438f3c01eb0aeb","level":"info","message":"Student job application initiated","service":"placement_portal","studentId":"69e663b569438f3c01eb0aea","timestamp":"2026-04-20 23:04:45"}
{"jobId":"69e663b569438f3c01eb0aeb","level":"warn","message":"Application rejected: missing required fields","missingFields":["full name","email"],"service":"placement_portal","studentId":"69e663b569438f3c01eb0aea","timestamp":"2026-04-20 23:04:45"}
{"jobId":"69e6712004528070ea00d450","level":"info","message":"Student job application initiated","service":"placement_portal","studentId":"69e6712004528070ea00d44f","timestamp":"2026-04-21 00:02:00"}
{"applicationId":"69e6712004528070ea00d452","jobId":"69e6712004528070ea00d450","level":"info","message":"Application saved successfully","service":"placement_portal","studentId":"69e6712004528070ea00d44f","timestamp":"2026-04-21 00:02:00"}
{"jobId":"69e6712004528070ea00d450","level":"info","message":"Resume drive webhook triggered","result":{"driveLink":"","reason":"missing_webhook_url","uploaded":false},"service":"placement_portal","studentId":"69e6712004528070ea00d44f","timestamp":"2026-04-21 00:02:00"}
{"jobId":"69e6712004528070ea00d450","level":"info","message":"Application sheet webhook triggered","result":{"reason":"missing_webhook_url","sent":false},"service":"placement_portal","studentId":"69e6712004528070ea00d44f","timestamp":"2026-04-21 00:02:00"}
{"applicationId":"69e6712004528070ea00d452","jobId":"69e6712004528070ea00d450","level":"info","message":"Job application completed successfully","service":"placement_portal","studentId":"69e6712004528070ea00d44f","timestamp":"2026-04-21 00:02:00"}
{"jobId":"69e6712004528070ea00d454","level":"info","message":"Student job application initiated","service":"placement_portal","studentId":"69e6712004528070ea00d453","timestamp":"2026-04-21 00:02:00"}
{"applicationId":"69e6712004528070ea00d456","jobId":"69e6712004528070ea00d454","level":"info","message":"Application saved successfully","service":"placement_portal","studentId":"69e6712004528070ea00d453","timestamp":"2026-04-21 00:02:00"}
{"jobId":"69e6712004528070ea00d454","level":"info","message":"Resume drive webhook triggered","result":{"driveLink":"","reason":"missing_webhook_url","uploaded":false},"service":"placement_portal","studentId":"69e6712004528070ea00d453","timestamp":"2026-04-21 00:02:00"}
{"error":"Webhook failed (502): Bad gateway from n8n","jobId":"69e6712004528070ea00d454","level":"error","message":"Application sheet webhook failed","service":"placement_portal","stack":"Error: Webhook failed (502): Bad gateway from n8n\n    at triggerApplicationSheetWebhook (C:\\Users\\saira\\Mail_Automation\\server\\controllers\\studentController.js:161:11)\n    at async exports.applyForJob (C:\\Users\\saira\\Mail_Automation\\server\\controllers\\studentController.js:805:19)\n    at async TestContext.<anonymous> (C:\\Users\\saira\\Mail_Automation\\tests\\studentController.applyForJob.test.js:121:3)\n    at async Test.run (node:internal/test_runner/test:980:9)\n    at async Test.processPendingSubtests (node:internal/test_runner/test:677:7)","studentId":"69e6712004528070ea00d453","timestamp":"2026-04-21 00:02:00"}
{"applicationId":"69e6712004528070ea00d456","jobId":"69e6712004528070ea00d454","level":"info","message":"Job application completed successfully","service":"placement_portal","studentId":"69e6712004528070ea00d453","timestamp":"2026-04-21 00:02:00"}
{"jobId":"69e6712004528070ea00d458","level":"info","message":"Student job application initiated","service":"placement_portal","studentId":"69e6712004528070ea00d457","timestamp":"2026-04-21 00:02:00"}
{"applicationId":"69e6712004528070ea00d45a","jobId":"69e6712004528070ea00d458","level":"info","message":"Application saved successfully","service":"placement_portal","studentId":"69e6712004528070ea00d457","timestamp":"2026-04-21 00:02:00"}
{"jobId":"69e6712004528070ea00d458","level":"info","message":"Resume drive webhook triggered","result":{"driveLink":"","reason":"missing_webhook_url","uploaded":false},"service":"placement_portal","studentId":"69e6712004528070ea00d457","timestamp":"2026-04-21 00:02:00"}
{"jobId":"69e6712004528070ea00d458","level":"info","message":"Application sheet webhook triggered","result":{"sent":true},"service":"placement_portal","studentId":"69e6712004528070ea00d457","timestamp":"2026-04-21 00:02:00"}
{"applicationId":"69e6712004528070ea00d45a","jobId":"69e6712004528070ea00d458","level":"info","message":"Job application completed successfully","service":"placement_portal","studentId":"69e6712004528070ea00d457","timestamp":"2026-04-21 00:02:00"}
{"jobId":"69e6712004528070ea00d45c","level":"info","message":"Student job application initiated","service":"placement_portal","studentId":"69e6712004528070ea00d45b","timestamp":"2026-04-21 00:02:00"}
{"error":"Mongo read failure on student_profiles","jobId":"69e6712004528070ea00d45c","level":"error","message":"Apply job error","service":"placement_portal","stack":"Error: Mongo read failure on student_profiles\n    at StudentProfile.findOne (C:\\Users\\saira\\Mail_Automation\\tests\\studentController.applyForJob.test.js:189:11)\n    at exports.applyForJob (C:\\Users\\saira\\Mail_Automation\\server\\controllers\\studentController.js:655:49)\n    at TestContext.<anonymous> (C:\\Users\\saira\\Mail_Automation\\tests\\studentController.applyForJob.test.js:202:27)\n    at Test.runInAsyncScope (node:async_hooks:211:14)\n    at Test.run (node:internal/test_runner/test:979:25)\n    at Test.processPendingSubtests (node:internal/test_runner/test:677:18)\n    at Test.postRun (node:internal/test_runner/test:1090:19)\n    at Test.run (node:internal/test_runner/test:1018:12)\n    at async Test.processPendingSubtests (node:internal/test_runner/test:677:7)","studentId":"69e6712004528070ea00d45b","timestamp":"2026-04-21 00:02:00"}
{"jobId":"69e6712004528070ea00d45e","level":"info","message":"Student job application initiated","service":"placement_portal","studentId":"69e6712004528070ea00d45d","timestamp":"2026-04-21 00:02:00"}
{"applicationId":"69e6712004528070ea00d460","jobId":"69e6712004528070ea00d45e","level":"info","message":"Application saved successfully","service":"placement_portal","studentId":"69e6712004528070ea00d45d","timestamp":"2026-04-21 00:02:00"}
{"jobId":"69e6712004528070ea00d45e","level":"info","message":"Resume drive webhook triggered","result":{"driveLink":"","reason":"missing_webhook_url","uploaded":false},"service":"placement_portal","studentId":"69e6712004528070ea00d45d","timestamp":"2026-04-21 00:02:00"}
{"jobId":"69e6712004528070ea00d45e","level":"info","message":"Application sheet webhook triggered","result":{"reason":"missing_webhook_url","sent":false},"service":"placement_portal","studentId":"69e6712004528070ea00d45d","timestamp":"2026-04-21 00:02:00"}
{"applicationId":"69e6712004528070ea00d460","jobId":"69e6712004528070ea00d45e","level":"info","message":"Job application completed successfully","service":"placement_portal","studentId":"69e6712004528070ea00d45d","timestamp":"2026-04-21 00:02:00"}
{"jobId":"69e6712004528070ea00d462","level":"info","message":"Student job application initiated","service":"placement_portal","studentId":"69e6712004528070ea00d461","timestamp":"2026-04-21 00:02:00"}
{"jobId":"69e6712004528070ea00d462","level":"warn","message":"Application rejected: missing required fields","missingFields":["full name","email"],"service":"placement_portal","studentId":"69e6712004528070ea00d461","timestamp":"2026-04-21 00:02:00"}
{"jobId":"69e67207c23da9862f2acb23","level":"info","message":"Student job application initiated","service":"placement_portal","studentId":"69e67207c23da9862f2acb22","timestamp":"2026-04-21 00:05:51"}
{"applicationId":"69e67207c23da9862f2acb25","jobId":"69e67207c23da9862f2acb23","level":"info","message":"Application saved successfully","service":"placement_portal","studentId":"69e67207c23da9862f2acb22","timestamp":"2026-04-21 00:05:51"}
{"jobId":"69e67207c23da9862f2acb23","level":"info","message":"Resume drive webhook triggered","result":{"driveLink":"","reason":"missing_webhook_url","uploaded":false},"service":"placement_portal","studentId":"69e67207c23da9862f2acb22","timestamp":"2026-04-21 00:05:51"}
{"jobId":"69e67207c23da9862f2acb23","level":"info","message":"Application sheet webhook triggered","result":{"reason":"missing_webhook_url","sent":false},"service":"placement_portal","studentId":"69e67207c23da9862f2acb22","timestamp":"2026-04-21 00:05:51"}
{"applicationId":"69e67207c23da9862f2acb25","jobId":"69e67207c23da9862f2acb23","level":"info","message":"Job application completed successfully","service":"placement_portal","studentId":"69e67207c23da9862f2acb22","timestamp":"2026-04-21 00:05:51"}
{"jobId":"69e67207c23da9862f2acb27","level":"info","message":"Student job application initiated","service":"placement_portal","studentId":"69e67207c23da9862f2acb26","timestamp":"2026-04-21 00:05:51"}
{"applicationId":"69e67207c23da9862f2acb29","jobId":"69e67207c23da9862f2acb27","level":"info","message":"Application saved successfully","service":"placement_portal","studentId":"69e67207c23da9862f2acb26","timestamp":"2026-04-21 00:05:51"}
{"jobId":"69e67207c23da9862f2acb27","level":"info","message":"Resume drive webhook triggered","result":{"driveLink":"","reason":"missing_webhook_url","uploaded":false},"service":"placement_portal","studentId":"69e67207c23da9862f2acb26","timestamp":"2026-04-21 00:05:51"}
{"error":"Webhook failed (502): Bad gateway from n8n","jobId":"69e67207c23da9862f2acb27","level":"error","message":"Application sheet webhook failed","service":"placement_portal","stack":"Error: Webhook failed (502): Bad gateway from n8n\n    at triggerApplicationSheetWebhook (C:\\Users\\saira\\Mail_Automation\\server\\controllers\\studentController.js:161:11)\n    at async exports.applyForJob (C:\\Users\\saira\\Mail_Automation\\server\\controllers\\studentController.js:805:19)\n    at async TestContext.<anonymous> (C:\\Users\\saira\\Mail_Automation\\tests\\studentController.applyForJob.test.js:121:3)\n    at async Test.run (node:internal/test_runner/test:980:9)\n    at async Test.processPendingSubtests (node:internal/test_runner/test:677:7)","studentId":"69e67207c23da9862f2acb26","timestamp":"2026-04-21 00:05:51"}
{"applicationId":"69e67207c23da9862f2acb29","jobId":"69e67207c23da9862f2acb27","level":"info","message":"Job application completed successfully","service":"placement_portal","studentId":"69e67207c23da9862f2acb26","timestamp":"2026-04-21 00:05:51"}
{"jobId":"69e67207c23da9862f2acb2b","level":"info","message":"Student job application initiated","service":"placement_portal","studentId":"69e67207c23da9862f2acb2a","timestamp":"2026-04-21 00:05:51"}
{"applicationId":"69e67207c23da9862f2acb2d","jobId":"69e67207c23da9862f2acb2b","level":"info","message":"Application saved successfully","service":"placement_portal","studentId":"69e67207c23da9862f2acb2a","timestamp":"2026-04-21 00:05:51"}
{"jobId":"69e67207c23da9862f2acb2b","level":"info","message":"Resume drive webhook triggered","result":{"driveLink":"","reason":"missing_webhook_url","uploaded":false},"service":"placement_portal","studentId":"69e67207c23da9862f2acb2a","timestamp":"2026-04-21 00:05:51"}
{"jobId":"69e67207c23da9862f2acb2b","level":"info","message":"Application sheet webhook triggered","result":{"sent":true},"service":"placement_portal","studentId":"69e67207c23da9862f2acb2a","timestamp":"2026-04-21 00:05:51"}
{"applicationId":"69e67207c23da9862f2acb2d","jobId":"69e67207c23da9862f2acb2b","level":"info","message":"Job application completed successfully","service":"placement_portal","studentId":"69e67207c23da9862f2acb2a","timestamp":"2026-04-21 00:05:51"}
{"jobId":"69e67207c23da9862f2acb2f","level":"info","message":"Student job application initiated","service":"placement_portal","studentId":"69e67207c23da9862f2acb2e","timestamp":"2026-04-21 00:05:51"}
{"error":"Mongo read failure on student_profiles","jobId":"69e67207c23da9862f2acb2f","level":"error","message":"Apply job error","service":"placement_portal","stack":"Error: Mongo read failure on student_profiles\n    at StudentProfile.findOne (C:\\Users\\saira\\Mail_Automation\\tests\\studentController.applyForJob.test.js:189:11)\n    at exports.applyForJob (C:\\Users\\saira\\Mail_Automation\\server\\controllers\\studentController.js:655:49)\n    at TestContext.<anonymous> (C:\\Users\\saira\\Mail_Automation\\tests\\studentController.applyForJob.test.js:202:27)\n    at Test.runInAsyncScope (node:async_hooks:211:14)\n    at Test.run (node:internal/test_runner/test:979:25)\n    at Test.processPendingSubtests (node:internal/test_runner/test:677:18)\n    at Test.postRun (node:internal/test_runner/test:1090:19)\n    at Test.run (node:internal/test_runner/test:1018:12)\n    at async Test.processPendingSubtests (node:internal/test_runner/test:677:7)","studentId":"69e67207c23da9862f2acb2e","timestamp":"2026-04-21 00:05:51"}
{"jobId":"69e67207c23da9862f2acb31","level":"info","message":"Student job application initiated","service":"placement_portal","studentId":"69e67207c23da9862f2acb30","timestamp":"2026-04-21 00:05:51"}
{"applicationId":"69e67207c23da9862f2acb33","jobId":"69e67207c23da9862f2acb31","level":"info","message":"Application saved successfully","service":"placement_portal","studentId":"69e67207c23da9862f2acb30","timestamp":"2026-04-21 00:05:51"}
{"jobId":"69e67207c23da9862f2acb31","level":"info","message":"Resume drive webhook triggered","result":{"driveLink":"","reason":"missing_webhook_url","uploaded":false},"service":"placement_portal","studentId":"69e67207c23da9862f2acb30","timestamp":"2026-04-21 00:05:51"}
{"jobId":"69e67207c23da9862f2acb31","level":"info","message":"Application sheet webhook triggered","result":{"reason":"missing_webhook_url","sent":false},"service":"placement_portal","studentId":"69e67207c23da9862f2acb30","timestamp":"2026-04-21 00:05:51"}
{"applicationId":"69e67207c23da9862f2acb33","jobId":"69e67207c23da9862f2acb31","level":"info","message":"Job application completed successfully","service":"placement_portal","studentId":"69e67207c23da9862f2acb30","timestamp":"2026-04-21 00:05:51"}
{"jobId":"69e67207c23da9862f2acb35","level":"info","message":"Student job application initiated","service":"placement_portal","studentId":"69e67207c23da9862f2acb34","timestamp":"2026-04-21 00:05:51"}
{"jobId":"69e67207c23da9862f2acb35","level":"warn","message":"Application rejected: missing required fields","missingFields":["full name","email"],"service":"placement_portal","studentId":"69e67207c23da9862f2acb34","timestamp":"2026-04-21 00:05:51"}
